test1.env
====================
=S>>>>>>>>>>>>>>>>v=
=v<<<<<<<<<<<<<<<<<=
=>>>>>>>>>>>>>>>>>v=
=v<<<<<<<<<<<<<<<<<=
=>>>>>>>>>>>>>>>>>v=
=v<<<<<<<<<<<<<<<<<=
=>>>>>>>>>>>>>>>>>v=
=v<<<<<<<<<<<<<<<<<=
=>>>>>>>>>>>>>>>>>v=
=v<<<<<<<<<<<<<<<<<=
=>>>>>>>>>>>>>>>>>v=
=v<<<<<<<<<<<<<<<<<=
=>>>>>>>>>>>>>>>>>v=
=v<<<<<<<<<<<<<<<<<=
=>>>>>>>>>>>>>>>>>v=
=v<<<<<<<<<<<<<<<<<=
=>>>>>>>>>>>>>>>>>v=
=.................G=
====================

test2.env
====================
=G<<<<<<<<<<<<<<<<<=
=.................^=
=.................^=
=.................^=
=.................^=
=.................^=
=.................^=
=.................^=
=.................^=
=.................^=
=.................^=
=.................^=
=.................^=
=.................^=
=.................^=
=.................^=
=.................^=
=.................S=
====================

test3.env
====================
====================
====================
====================
=========G==========
=========^==========
=========^==========
=========^==========
=========^==========
=========^==========
=........^.........=
=========^==========
=========^==========
=========^==========
=========^==========
=========^==========
=========S==========
====================
====================
====================

test4.env
test5.env
====================
====================
====================
====================
=========.==========
=========.....======
=========.===.======
=========.===.======
=========.....======
=========.==========
=S>>>>>>>>>>>>>>>>G=
====.====.=====.====
====.====.=====.====
====.====.=====.====
====......=====.====
=========.=====.====
=========.......====
====================
====================
====================

test6.env
====================
====================
====================
====================
=========.==========
=========.....======
=========.===.======
=========.===.======
=========.....======
=========.==========
=G<<<<<<<<<<<<<<<<S=
====.====.=====.====
====.====.=====.====
====.====.=====.====
====......=====.====
=========.=====.====
=========.......====
====================
====================
====================

test7.env
====================
==G=================
=.^<<<<<=======.====
=======^=======.====
=======^=======.====
==.....^===.....====
==.====^=======.====
==.====^<<<<<.....==
==.=========^=======
==.=========^=======
==.......===^<<<====
==.=====.======^====
===============^====
====........===^====
===========.===^====
===========.===^====
==========>v===^====
==S>>>>>>>^>>>>^====
=====...============
====================

test8.env
test9.env
test10.env
====================
====.............===
======.=========.===
=..........=====.===
==========.=====.===
==.....===.......===
======.===.=========
======.===.=========
=S>>>>>>v...========
=====.==v===========
=====.==>>>>>v======
==....==.====v======
========.====v======
=........====v======
=============v======
==.......v<<<<======
==.======v==========
==.======v==========
==.======>>>G=======
====================

